=================================================================
JUSTICE — Local MOEA Optimisation  (Assignment 5)
=================================================================
  Welfare function  : SUFFICIENTARIAN
  Config            : /home/caspar/Coding workspaces/LDC_Group-/config/config_student.json
  NFE per seed      : 200
  Seeds (1)        : [1]
  FAIR ensembles    : 10  (indices ≈ [np.int64(1), np.int64(112), np.int64(223), np.int64(334), np.int64(445), np.int64(556), np.int64(667), np.int64(778), np.int64(889), np.int64(1000)])
  Population size   : 100
  Worker processes  : auto
  Output directory  : /home/caspar/Coding workspaces/LDC_Group-/assignments_ema/results
=================================================================

[1/1] seed = 1
----------------------------------------
    workers = auto (cpu_count-1)
[MainProcess/INFO] pool started with 12 workers
  0%|                                                  | 0/200 [00:00<?, ?it/s] 50%|████████████████████                    | 100/200 [00:15<00:15,  6.62it/s]100%|████████████████████████████████████████| 200/200 [00:39<00:00,  4.91it/s]100%|████████████████████████████████████████| 200/200 [00:39<00:00,  5.10it/s]
[MainProcess/INFO] optimization completed, found 5 solutions
[MainProcess/INFO] terminating pool
    convergence metrics  →  /home/caspar/Coding workspaces/LDC_Group-/assignments_ema/results/SUFFICIENTARIAN_200_1/convergence_1.csv
    5 Pareto solutions  →  /home/caspar/Coding workspaces/LDC_Group-/assignments_ema/results/SUFFICIENTARIAN_200_1/pareto_front_1.csv
    convergence archive  →  /home/caspar/Coding workspaces/LDC_Group-/assignments_ema/results/SUFFICIENTARIAN_200_1/SUFFICIENTARIAN_200_1.tar.gz
    elapsed: 0.7 min

All 1 seeds done in 1 min (0.01 h).
Results → /home/caspar/Coding workspaces/LDC_Group-/assignments_ema/results
